
> frontend@0.1.0 typecheck /home/nadhil/xerocare/frontend
> tsc --noEmit

components/Finance/FinanceApprovalTable.tsx(74,13): error TS2367: This comparison appears to be unintentional because the types '"PAID" | "TEMPLATE" | "ASSIGNED" | "DRAFT" | "SENT" | "CUSTOMER_ACCEPTED" | "CUSTOMER_REJECTED" | "WAITING_FINANCE_APPROVAL" | "FINANCE_REJECTED" | "ACTIVE_CONTRACT" | "INVOICED" | "EXPIRED" | "CANCELLED" | "RETAKEN" | "SUPERSEDED"' and '"APPROVED"' have no overlap.
components/Finance/FinanceApprovalTable.tsx(438,25): error TS2367: This comparison appears to be unintentional because the types '"PAID" | "TEMPLATE" | "ASSIGNED" | "DRAFT" | "SENT" | "CUSTOMER_ACCEPTED" | "CUSTOMER_REJECTED" | "WAITING_FINANCE_APPROVAL" | "FINANCE_APPROVED" | "FINANCE_REJECTED" | "ACTIVE_CONTRACT" | ... 4 more ... | "SUPERSEDED"' and '"TRANSACTION_COMPLETED"' have no overlap.
components/Finance/FinanceQuotationTable.tsx(204,7): error TS2367: This comparison appears to be unintentional because the types '"PAID" | "TEMPLATE" | "ASSIGNED" | "DRAFT" | "SENT" | "CUSTOMER_ACCEPTED" | "CUSTOMER_REJECTED" | "WAITING_FINANCE_APPROVAL" | "FINANCE_APPROVED" | "FINANCE_REJECTED" | "ACTIVE_CONTRACT" | ... 4 more ... | "SUPERSEDED"' and '"PENDING"' have no overlap.
components/Finance/FinanceQuotationTable.tsx(205,7): error TS2367: This comparison appears to be unintentional because the types '"PAID" | "TEMPLATE" | "ASSIGNED" | "DRAFT" | "SENT" | "CUSTOMER_ACCEPTED" | "CUSTOMER_REJECTED" | "WAITING_FINANCE_APPROVAL" | "FINANCE_APPROVED" | "FINANCE_REJECTED" | "ACTIVE_CONTRACT" | ... 4 more ... | "SUPERSEDED"' and '"VALIDITY_EXTENSION_REQUESTED"' have no overlap.
components/Finance/FinanceQuotationTable.tsx(229,7): error TS2367: This comparison appears to be unintentional because the types 'InvoiceStatus' and '"REJECTED"' have no overlap.
components/Finance/FinanceQuotationTable.tsx(409,21): error TS2367: This comparison appears to be unintentional because the types '"PAID" | "TEMPLATE" | "ASSIGNED" | "DRAFT" | "SENT" | "CUSTOMER_ACCEPTED" | "CUSTOMER_REJECTED" | "WAITING_FINANCE_APPROVAL" | "FINANCE_APPROVED" | "FINANCE_REJECTED" | "ACTIVE_CONTRACT" | ... 4 more ... | "SUPERSEDED"' and '"TRANSACTION_COMPLETED"' have no overlap.
components/Finance/FinanceQuotationTable.tsx(410,21): error TS2367: This comparison appears to be unintentional because the types '"PAID" | "TEMPLATE" | "ASSIGNED" | "DRAFT" | "SENT" | "CUSTOMER_ACCEPTED" | "CUSTOMER_REJECTED" | "WAITING_FINANCE_APPROVAL" | "FINANCE_APPROVED" | "FINANCE_REJECTED" | "ACTIVE_CONTRACT" | ... 4 more ... | "SUPERSEDED"' and '"VALIDITY_EXTENSION_REQUESTED"' have no overlap.
components/Finance/FinanceQuotationTable.tsx(511,13): error TS2367: This comparison appears to be unintentional because the types '"PAID" | "TEMPLATE" | "ASSIGNED" | "DRAFT" | "SENT" | "CUSTOMER_ACCEPTED" | "CUSTOMER_REJECTED" | "WAITING_FINANCE_APPROVAL" | "FINANCE_APPROVED" | "FINANCE_REJECTED" | "ACTIVE_CONTRACT" | ... 4 more ... | "SUPERSEDED"' and '"VALIDITY_EXTENSION_REQUESTED"' have no overlap.
components/Finance/FinanceQuotationTable.tsx(521,13): error TS2367: This comparison appears to be unintentional because the types '"PAID" | "TEMPLATE" | "ASSIGNED" | "DRAFT" | "SENT" | "CUSTOMER_ACCEPTED" | "CUSTOMER_REJECTED" | "WAITING_FINANCE_APPROVAL" | "FINANCE_APPROVED" | "FINANCE_REJECTED" | "ACTIVE_CONTRACT" | ... 4 more ... | "SUPERSEDED"' and '"VALIDITY_EXTENSION_REQUESTED"' have no overlap.
components/Finance/RevenueTable.tsx(220,25): error TS2367: This comparison appears to be unintentional because the types 'InvoiceStatus' and '"APPROVED"' have no overlap.
components/Finance/RevenueTable.tsx(224,29): error TS2367: This comparison appears to be unintentional because the types '"TEMPLATE" | "ASSIGNED" | "DRAFT" | "SENT" | "CUSTOMER_ACCEPTED" | "CUSTOMER_REJECTED" | "EMPLOYEE_APPROVED" | "WAITING_FINANCE_APPROVAL" | "FINANCE_REJECTED" | "ACTIVE_CONTRACT" | ... 4 more ... | "SUPERSEDED"' and '"REJECTED"' have no overlap.
components/ManagerDashboardComponents/salesComponents/SalesSummaryTable.tsx(195,29): error TS2367: This comparison appears to be unintentional because the types '"TEMPLATE" | "ASSIGNED" | "DRAFT" | "SENT" | "CUSTOMER_ACCEPTED" | "CUSTOMER_REJECTED" | "EMPLOYEE_APPROVED" | "WAITING_FINANCE_APPROVAL" | "FINANCE_APPROVED" | "FINANCE_REJECTED" | ... 5 more ... | "SUPERSEDED"' and '"PENDING"' have no overlap.
components/employeeComponents/EmployeeDashboardGraphs.tsx(46,47): error TS2367: This comparison appears to be unintentional because the types 'InvoiceStatus' and '"REJECTED"' have no overlap.
components/employeeComponents/EmployeeDashboardGraphs.tsx(49,47): error TS2367: This comparison appears to be unintentional because the types 'InvoiceStatus' and '"REJECTED"' have no overlap.
components/employeeComponents/EmployeeDashboardGraphs.tsx(52,48): error TS2367: This comparison appears to be unintentional because the types 'InvoiceStatus' and '"REJECTED"' have no overlap.
components/employeeComponents/EmployeeLeaseTable.tsx(158,13): error TS2367: This comparison appears to be unintentional because the types '"PAID" | "TEMPLATE" | "ASSIGNED" | "DRAFT" | "SENT" | "CUSTOMER_REJECTED" | "EMPLOYEE_APPROVED" | "WAITING_FINANCE_APPROVAL" | "FINANCE_REJECTED" | "ACTIVE_CONTRACT" | "INVOICED" | "EXPIRED" | "CANCELLED" | "RETAKEN" | "SUPERSEDED"' and '"SENT_TO_CUSTOMER"' have no overlap.
components/employeeComponents/EmployeeLeaseTable.tsx(367,33): error TS2367: This comparison appears to be unintentional because the types '"TEMPLATE" | "ASSIGNED" | "DRAFT" | "SENT" | "CUSTOMER_ACCEPTED" | "CUSTOMER_REJECTED" | "EMPLOYEE_APPROVED" | "WAITING_FINANCE_APPROVAL" | "FINANCE_REJECTED" | "ACTIVE_CONTRACT" | ... 4 more ... | "SUPERSEDED"' and '"PENDING"' have no overlap.
components/employeeComponents/EmployeeLeaseTable.tsx(368,35): error TS2367: This comparison appears to be unintentional because the types '"TEMPLATE" | "ASSIGNED" | "DRAFT" | "SENT" | "CUSTOMER_ACCEPTED" | "CUSTOMER_REJECTED" | "EMPLOYEE_APPROVED" | "WAITING_FINANCE_APPROVAL" | "FINANCE_REJECTED" | "ACTIVE_CONTRACT" | ... 4 more ... | "SUPERSEDED"' and '"TRANSACTION_COMPLETED"' have no overlap.
components/employeeComponents/EmployeeLeaseTable.tsx(371,72): error TS2367: This comparison appears to be unintentional because the types '"TEMPLATE" | "ASSIGNED" | "DRAFT" | "SENT" | "CUSTOMER_ACCEPTED" | "CUSTOMER_REJECTED" | "WAITING_FINANCE_APPROVAL" | "ACTIVE_CONTRACT" | "INVOICED" | "EXPIRED" | "CANCELLED" | "RETAKEN" | "SUPERSEDED"' and '"REJECTED"' have no overlap.
components/employeeComponents/EmployeeLeaseTable.tsx(376,28): error TS2367: This comparison appears to be unintentional because the types 'InvoiceStatus' and '"TRANSACTION_COMPLETED"' have no overlap.
components/employeeComponents/EmployeeOrderStats.tsx(39,56): error TS2367: This comparison appears to be unintentional because the types 'InvoiceStatus' and '"REJECTED"' have no overlap.
components/employeeComponents/EmployeeOrdersTable.tsx(298,27): error TS2367: This comparison appears to be unintentional because the types 'InvoiceStatus' and '"APPROVED"' have no overlap.
components/employeeComponents/EmployeeOrdersTable.tsx(300,31): error TS2367: This comparison appears to be unintentional because the types 'InvoiceStatus' and '"PENDING"' have no overlap.
components/employeeComponents/EmployeeOrdersTable.tsx(312,27): error TS2367: This comparison appears to be unintentional because the types 'InvoiceStatus' and '"APPROVED"' have no overlap.
components/employeeComponents/EmployeeOrdersTable.tsx(314,31): error TS2367: This comparison appears to be unintentional because the types 'InvoiceStatus' and '"PENDING"' have no overlap.
components/employeeComponents/EmployeeOrdersTable.tsx(316,33): error TS2367: This comparison appears to be unintentional because the types 'InvoiceStatus' and '"REJECTED"' have no overlap.
components/employeeComponents/EmployeeOrdersTable.tsx(388,35): error TS2367: This comparison appears to be unintentional because the types 'InvoiceStatus' and '"PENDING"' have no overlap.
components/employeeComponents/EmployeeOrdersTable.tsx(403,35): error TS2367: This comparison appears to be unintentional because the types 'InvoiceStatus' and '"PENDING"' have no overlap.
components/employeeComponents/EmployeeQuotationTable.tsx(331,7): error TS2367: This comparison appears to be unintentional because the types 'InvoiceStatus' and '"REJECTED"' have no overlap.
components/employeeComponents/EmployeeRentTable.tsx(165,13): error TS2367: This comparison appears to be unintentional because the types '"PAID" | "TEMPLATE" | "ASSIGNED" | "DRAFT" | "SENT" | "CUSTOMER_REJECTED" | "EMPLOYEE_APPROVED" | "WAITING_FINANCE_APPROVAL" | "FINANCE_REJECTED" | "ACTIVE_CONTRACT" | "INVOICED" | "EXPIRED" | "CANCELLED" | "RETAKEN" | "SUPERSEDED"' and '"SENT_TO_CUSTOMER"' have no overlap.
components/employeeComponents/EmployeeRentTable.tsx(350,33): error TS2367: This comparison appears to be unintentional because the types '"TEMPLATE" | "ASSIGNED" | "DRAFT" | "SENT" | "CUSTOMER_ACCEPTED" | "CUSTOMER_REJECTED" | "EMPLOYEE_APPROVED" | "WAITING_FINANCE_APPROVAL" | "FINANCE_APPROVED" | "FINANCE_REJECTED" | ... 5 more ... | "SUPERSEDED"' and '"APPROVED"' have no overlap.
components/employeeComponents/EmployeeRentTable.tsx(352,33): error TS2367: This comparison appears to be unintentional because the types '"TEMPLATE" | "ASSIGNED" | "DRAFT" | "SENT" | "CUSTOMER_ACCEPTED" | "CUSTOMER_REJECTED" | "EMPLOYEE_APPROVED" | "WAITING_FINANCE_APPROVAL" | "FINANCE_REJECTED" | "ACTIVE_CONTRACT" | ... 4 more ... | "SUPERSEDED"' and '"ISSUED"' have no overlap.
components/employeeComponents/EmployeeRentTable.tsx(355,39): error TS2367: This comparison appears to be unintentional because the types '"TEMPLATE" | "ASSIGNED" | "DRAFT" | "CUSTOMER_ACCEPTED" | "CUSTOMER_REJECTED" | "EMPLOYEE_APPROVED" | "WAITING_FINANCE_APPROVAL" | "FINANCE_REJECTED" | "ACTIVE_CONTRACT" | ... 4 more ... | "SUPERSEDED"' and '"TRANSACTION_COMPLETED"' have no overlap.
components/employeeComponents/EmployeeRentTable.tsx(358,39): error TS2367: This comparison appears to be unintentional because the types '"TEMPLATE" | "ASSIGNED" | "DRAFT" | "CUSTOMER_ACCEPTED" | "CUSTOMER_REJECTED" | "WAITING_FINANCE_APPROVAL" | "FINANCE_REJECTED" | "ACTIVE_CONTRACT" | "INVOICED" | "EXPIRED" | "CANCELLED" | "RETAKEN" | "SUPERSEDED"' and '"REJECTED"' have no overlap.
components/employeeComponents/EmployeeRentTable.tsx(366,28): error TS2367: This comparison appears to be unintentional because the types 'InvoiceStatus' and '"TRANSACTION_COMPLETED"' have no overlap.
components/employeeComponents/EmployeeSalesStats.tsx(55,69): error TS2367: This comparison appears to be unintentional because the types 'InvoiceStatus' and '"REJECTED"' have no overlap.
components/employeeComponents/EmployeeSalesTable.tsx(191,13): error TS2367: This comparison appears to be unintentional because the types '"TEMPLATE" | "ASSIGNED" | "DRAFT" | "SENT" | "CUSTOMER_REJECTED" | "EMPLOYEE_APPROVED" | "WAITING_FINANCE_APPROVAL" | "FINANCE_REJECTED" | "ACTIVE_CONTRACT" | "INVOICED" | ... 4 more ... | "SUPERSEDED"' and '"SENT_TO_CUSTOMER"' have no overlap.
components/employeeComponents/EmployeeSalesTable.tsx(382,31): error TS2367: This comparison appears to be unintentional because the types '"TEMPLATE" | "ASSIGNED" | "DRAFT" | "SENT" | "CUSTOMER_ACCEPTED" | "CUSTOMER_REJECTED" | "EMPLOYEE_APPROVED" | "WAITING_FINANCE_APPROVAL" | "FINANCE_REJECTED" | "ACTIVE_CONTRACT" | ... 4 more ... | "SUPERSEDED"' and '"PENDING"' have no overlap.
components/employeeComponents/EmployeeSalesTable.tsx(383,33): error TS2367: This comparison appears to be unintentional because the types '"TEMPLATE" | "ASSIGNED" | "DRAFT" | "SENT" | "CUSTOMER_ACCEPTED" | "CUSTOMER_REJECTED" | "EMPLOYEE_APPROVED" | "WAITING_FINANCE_APPROVAL" | "FINANCE_REJECTED" | "ACTIVE_CONTRACT" | ... 4 more ... | "SUPERSEDED"' and '"TRANSACTION_COMPLETED"' have no overlap.
components/employeeComponents/EmployeeSalesTable.tsx(386,70): error TS2367: This comparison appears to be unintentional because the types '"TEMPLATE" | "ASSIGNED" | "DRAFT" | "SENT" | "CUSTOMER_ACCEPTED" | "CUSTOMER_REJECTED" | "WAITING_FINANCE_APPROVAL" | "ACTIVE_CONTRACT" | "INVOICED" | "EXPIRED" | "CANCELLED" | "RETAKEN" | "SUPERSEDED"' and '"REJECTED"' have no overlap.
components/employeeComponents/EmployeeSalesTable.tsx(391,26): error TS2367: This comparison appears to be unintentional because the types 'InvoiceStatus' and '"TRANSACTION_COMPLETED"' have no overlap.
components/employeeComponents/QuotationViewDialog.tsx(84,32): error TS2367: This comparison appears to be unintentional because the types 'InvoiceStatus' and '"VALIDITY_EXTENSION_REQUESTED"' have no overlap.
components/employeeComponents/QuotationViewDialog.tsx(90,5): error TS2367: This comparison appears to be unintentional because the types 'InvoiceStatus' and '"FINAL"' have no overlap.
components/employeeComponents/QuotationViewDialog.tsx(1740,43): error TS2367: This comparison appears to be unintentional because the types 'InvoiceStatus' and '"PENDING"' have no overlap.
components/employeeComponents/QuotationViewDialog.tsx(2030,27): error TS2367: This comparison appears to be unintentional because the types '"PAID" | "TEMPLATE" | "ASSIGNED" | "DRAFT" | "SENT" | "CUSTOMER_ACCEPTED" | "CUSTOMER_REJECTED" | "EMPLOYEE_APPROVED" | "WAITING_FINANCE_APPROVAL" | "ACTIVE_CONTRACT" | "INVOICED" | "EXPIRED" | "CANCELLED" | "RETAKEN" | "SUPERSEDED"' and '"REJECTED"' have no overlap.
components/employeeComponents/QuotationViewDialog.tsx(2143,17): error TS2367: This comparison appears to be unintentional because the types 'InvoiceStatus' and '"SENT_TO_CUSTOMER"' have no overlap.
components/invoice/ApproveQuotationDialog.tsx(38,23): error TS2367: This comparison appears to be unintentional because the types 'InvoiceStatus' and '"VALIDITY_EXTENSION_REQUESTED"' have no overlap.
components/invoice/InvoiceDetailsDialog.tsx(1309,17): error TS2367: This comparison appears to be unintentional because the types 'InvoiceStatus' and '"APPROVED"' have no overlap.
components/invoice/InvoiceDetailsDialog.tsx(1310,17): error TS2367: This comparison appears to be unintentional because the types 'InvoiceStatus' and '"ACCEPTED"' have no overlap.
components/invoice/InvoiceDetailsDialog.tsx(1312,17): error TS2367: This comparison appears to be unintentional because the types '"PAID" | "TEMPLATE" | "ASSIGNED" | "DRAFT" | "SENT" | "CUSTOMER_ACCEPTED" | "CUSTOMER_REJECTED" | "EMPLOYEE_APPROVED" | "WAITING_FINANCE_APPROVAL" | "FINANCE_REJECTED" | "ACTIVE_CONTRACT" | ... 4 more ... | "SUPERSEDED"' and '"PENDING_CONFIRMATION"' have no overlap.
components/invoice/ReturnsManagement.tsx(50,102): error TS2367: This comparison appears to be unintentional because the types '"TEMPLATE" | "ASSIGNED" | "DRAFT" | "SENT" | "CUSTOMER_ACCEPTED" | "CUSTOMER_REJECTED" | "EMPLOYEE_APPROVED" | "WAITING_FINANCE_APPROVAL" | "FINANCE_APPROVED" | "FINANCE_REJECTED" | ... 4 more ... | "SUPERSEDED"' and '"ISSUED"' have no overlap.
 ELIFECYCLE  Command failed with exit code 2.
