Scope: 6 of 7 workspace projects
backend/api_gateway typecheck$ tsc --noEmit
backend/billing_service typecheck$ tsc --noEmit
backend/crm_service typecheck$ tsc --noEmit
backend/employee_service typecheck$ tsc --noEmit
backend/api_gateway typecheck: Done
backend/ven_inv_service typecheck$ tsc --noEmit
backend/employee_service typecheck: Done
frontend typecheck$ tsc --noEmit
backend/billing_service typecheck: Done
backend/crm_service typecheck: Done
backend/ven_inv_service typecheck: Done
frontend typecheck: Done
